2013-01-11T18:26:26.971+0900: 55.467: [GC 55.467: [ParNew: 327544K->865K(368640K), 0.0036760 secs] 327544K->865K(1187840K), 0.0037420 secs] [Times: user=0.00 sys=0.01, real=0.01 secs] 
2013-01-11T18:26:42.167+0900: 70.663: [GC 70.663: [ParNew: 327900K->2153K(368640K), 0.0027020 secs] 327900K->2153K(1187840K), 0.0027690 secs] [Times: user=0.00 sys=0.00, real=0.00 secs] 
2013-01-11T18:27:02.377+0900: 90.873: [GC 90.873: [ParNew: 328307K->1930K(368640K), 0.0016340 secs] 328307K->1930K(1187840K), 0.0016760 secs] [Times: user=0.01 sys=0.00, real=0.00 secs] 
2013-01-11T18:27:17.580+0900: 106.076: [GC 106.076: [ParNew: 329610K->1504K(368640K), 0.0013290 secs] 329610K->1504K(1187840K), 0.0013700 secs] [Times: user=0.00 sys=0.00, real=0.00 secs] 
2013-01-11T18:27:22.768+0900: 111.264: [GC 111.264: [ParNew: 326317K->3106K(368640K), 0.0036040 secs] 326317K->3349K(1187840K), 0.0039930 secs] [Times: user=0.01 sys=0.00, real=0.01 secs] 
2013-01-11T18:27:32.971+0900: 121.467: [GC 121.467: [ParNew: 328328K->2598K(368640K), 0.0016450 secs] 328571K->2841K(1187840K), 0.0016840 secs] [Times: user=0.00 sys=0.00, real=0.01 secs] 
2013-01-11T18:27:43.169+0900: 131.665: [GC 131.665: [ParNew: 330194K->2179K(368640K), 0.0012370 secs] 330437K->2423K(1187840K), 0.0012750 secs] [Times: user=0.00 sys=0.00, real=0.00 secs] 
2013-01-11T18:27:53.362+0900: 141.858: [GC 141.858: [ParNew: 329351K->1674K(368640K), 0.0010040 secs] 329595K->1918K(1187840K), 0.0010440 secs] [Times: user=0.00 sys=0.00, real=0.00 secs] 
2013-01-11T18:28:03.554+0900: 152.050: [GC 152.050: [ParNew: 329306K->950K(368640K), 0.0008650 secs] 329550K->1194K(1187840K), 0.0009050 secs] [Times: user=0.00 sys=0.00, real=0.00 secs] 
2013-01-11T18:28:08.757+0900: 157.253: [GC 157.253: [ParNew: 328382K->1151K(368640K), 0.0007190 secs] 328626K->1395K(1187840K), 0.0011020 secs] [Times: user=0.00 sys=0.00, real=0.00 secs] 
2013-01-11T18:28:13.959+0900: 162.455: [GC 162.455: [ParNew: 328072K->1301K(368640K), 0.0008050 secs] 328316K->1545K(1187840K), 0.0008460 secs] [Times: user=0.00 sys=0.00, real=0.00 secs] 
2013-01-11T18:28:19.158+0900: 167.654: [GC 167.654: [ParNew: 328959K->1451K(368640K), 0.0008440 secs] 329203K->1695K(1187840K), 0.0008820 secs] [Times: user=0.01 sys=0.00, real=0.00 secs] 
2013-01-11T18:28:24.359+0900: 172.855: [GC 172.855: [ParNew: 328215K->1576K(368640K), 0.0011460 secs] 328459K->1820K(1187840K), 0.0015120 secs] [Times: user=0.00 sys=0.00, real=0.00 secs] 
2013-01-11T18:28:29.563+0900: 178.059: [GC 178.059: [ParNew: 328689K->1678K(368640K), 0.0012040 secs] 328933K->1922K(1187840K), 0.0016410 secs] [Times: user=0.00 sys=0.00, real=0.00 secs] 
2013-01-11T18:28:34.764+0900: 183.260: [GC 183.260: [ParNew: 329031K->1776K(368640K), 0.0011130 secs] 329275K->2020K(1187840K), 0.0015390 secs] [Times: user=0.01 sys=0.00, real=0.00 secs] 
2013-01-11T18:28:39.961+0900: 188.457: [GC 188.458: [ParNew: 329398K->1878K(368640K), 0.0010090 secs] 329642K->2122K(1187840K), 0.0010790 secs] [Times: user=0.00 sys=0.00, real=0.01 secs] 
2013-01-11T18:28:45.158+0900: 193.654: [GC 193.654: [ParNew: 327841K->1951K(368640K), 0.0011310 secs] 328085K->2195K(1187840K), 0.0015550 secs] [Times: user=0.01 sys=0.00, real=0.00 secs] 
2013-01-11T18:28:50.353+0900: 198.849: [GC 198.849: [ParNew: 328139K->2027K(368640K), 0.0010200 secs] 328384K->2272K(1187840K), 0.0010840 secs] [Times: user=0.00 sys=0.00, real=0.00 secs] 
2013-01-11T18:28:55.549+0900: 204.045: [GC 204.045: [ParNew: 328442K->2100K(368640K), 0.0009880 secs] 328686K->2345K(1187840K), 0.0023350 secs] [Times: user=0.00 sys=0.00, real=0.00 secs] 
2013-01-11T18:28:55.774+0900: 204.270: [GC 204.270: [ParNew: 327111K->4549K(368640K), 0.0029010 secs] 327355K->4793K(1187840K), 0.0029430 secs] [Times: user=0.01 sys=0.00, real=0.01 secs] 
2013-01-11T18:29:00.980+0900: 209.476: [GC 209.476: [ParNew: 332163K->3500K(368640K), 0.0017020 secs] 332407K->3744K(1187840K), 0.0017450 secs] [Times: user=0.01 sys=0.00, real=0.00 secs] 
2013-01-11T18:29:06.203+0900: 214.699: [GC 214.699: [ParNew: 330134K->1951K(368640K), 0.0009860 secs] 330379K->2195K(1187840K), 0.0013730 secs] [Times: user=0.01 sys=0.00, real=0.00 secs] 
2013-01-11T18:29:06.406+0900: 214.902: [GC 214.902: [ParNew: 325386K->4474K(368640K), 0.0027970 secs] 325631K->4718K(1187840K), 0.0028480 secs] [Times: user=0.01 sys=0.01, real=0.00 secs] 
2013-01-11T18:29:11.618+0900: 220.114: [GC 220.114: [ParNew: 331888K->3400K(368640K), 0.0014980 secs] 332132K->3644K(1187840K), 0.0015340 secs] [Times: user=0.00 sys=0.00, real=0.00 secs] 
2013-01-11T18:29:16.842+0900: 225.338: [GC 225.338: [ParNew: 330984K->1774K(368640K), 0.0013310 secs] 331229K->2018K(1187840K), 0.0013960 secs] [Times: user=0.01 sys=0.00, real=0.00 secs] 
2013-01-11T18:29:17.046+0900: 225.542: [GC 225.542: [ParNew: 329188K->4424K(368640K), 0.0018870 secs] 329432K->4668K(1187840K), 0.0019540 secs] [Times: user=0.00 sys=0.00, real=0.01 secs] 
2013-01-11T18:29:22.249+0900: 230.745: [GC 230.745: [ParNew: 330738K->3325K(368640K), 0.0016130 secs] 330982K->3569K(1187840K), 0.0016680 secs] [Times: user=0.01 sys=0.00, real=0.00 secs] 
2013-01-11T18:29:27.476+0900: 235.972: [GC 235.973: [ParNew: 331005K->1653K(368640K), 0.0008280 secs] 331249K->1897K(1187840K), 0.0008740 secs] [Times: user=0.01 sys=0.00, real=0.00 secs] 
2013-01-11T18:29:27.680+0900: 236.176: [GC 236.176: [ParNew: 328922K->4374K(368640K), 0.0017770 secs] 329167K->4618K(1187840K), 0.0018340 secs] [Times: user=0.01 sys=0.00, real=0.00 secs] 
2013-01-11T18:29:32.884+0900: 241.380: [GC 241.380: [ParNew: 332054K->3275K(368640K), 0.0017860 secs] 332298K->3520K(1187840K), 0.0022160 secs] [Times: user=0.01 sys=0.00, real=0.00 secs] 
2013-01-11T18:29:38.116+0900: 246.612: [GC 246.613: [ParNew: 329550K->1526K(368640K), 0.0011470 secs] 329795K->1770K(1187840K), 0.0011960 secs] [Times: user=0.01 sys=0.00, real=0.00 secs] 
2013-01-11T18:29:38.314+0900: 246.810: [GC 246.810: [ParNew: 328016K->4324K(368640K), 0.0018650 secs] 328261K->4568K(1187840K), 0.0019220 secs] [Times: user=0.00 sys=0.00, real=0.00 secs] 
2013-01-11T18:29:43.519+0900: 252.015: [GC 252.015: [ParNew: 332004K->3225K(368640K), 0.0014550 secs] 332248K->3470K(1187840K), 0.0018740 secs] [Times: user=0.00 sys=0.00, real=0.00 secs] 
2013-01-11T18:29:48.745+0900: 257.241: [GC 257.241: [ParNew: 330160K->1428K(368640K), 0.0008720 secs] 330404K->1672K(1187840K), 0.0009270 secs] [Times: user=0.01 sys=0.00, real=0.00 secs] 
2013-01-11T18:29:48.940+0900: 257.436: [GC 257.436: [ParNew: 325151K->4274K(368640K), 0.0017550 secs] 325396K->4519K(1187840K), 0.0018140 secs] [Times: user=0.00 sys=0.00, real=0.00 secs] 
2013-01-11T18:29:49.192+0900: 257.688: [GC 257.688: [ParNew: 328977K->5875K(368640K), 0.0024180 secs] 329221K->6120K(1187840K), 0.0024610 secs] [Times: user=0.01 sys=0.00, real=0.01 secs] 
2013-01-11T18:29:54.394+0900: 262.890: [GC 262.890: [ParNew: 333013K->3925K(368640K), 0.0016360 secs] 333257K->4169K(1187840K), 0.0016940 secs] [Times: user=0.00 sys=0.00, real=0.00 secs] 
2013-01-11T18:29:54.638+0900: 263.134: [GC 263.134: [ParNew: 328053K->5623K(368640K), 0.0022950 secs] 328297K->5868K(1187840K), 0.0023520 secs] [Times: user=0.01 sys=0.00, real=0.00 secs] 
2013-01-11T18:29:59.847+0900: 268.343: [GC 268.343: [ParNew: 332712K->3525K(368640K), 0.0020360 secs] 332957K->3770K(1187840K), 0.0020930 secs] [Times: user=0.01 sys=0.00, real=0.00 secs] 
2013-01-11T18:30:00.083+0900: 268.579: [GC 268.579: [ParNew: 327296K->5349K(368640K), 0.0022200 secs] 327541K->5593K(1187840K), 0.0022750 secs] [Times: user=0.01 sys=0.00, real=0.01 secs] 
2013-01-11T18:30:05.296+0900: 273.792: [GC 273.792: [ParNew: 330510K->3075K(368640K), 0.0012150 secs] 330755K->3320K(1187840K), 0.0012820 secs] [Times: user=0.01 sys=0.00, real=0.00 secs] 
2013-01-11T18:30:05.520+0900: 274.016: [GC 274.016: [ParNew: 328946K->5076K(368640K), 0.0021480 secs] 329191K->5320K(1187840K), 0.0022070 secs] [Times: user=0.01 sys=0.00, real=0.00 secs] 
2013-01-11T18:30:10.748+0900: 279.244: [GC 279.244: [ParNew: 331546K->2577K(368640K), 0.0014790 secs] 331791K->2822K(1187840K), 0.0015480 secs] [Times: user=0.01 sys=0.00, real=0.00 secs] 
2013-01-11T18:30:10.960+0900: 279.456: [GC 279.456: [ParNew: 326438K->4774K(368640K), 0.0020050 secs] 326682K->5018K(1187840K), 0.0020530 secs] [Times: user=0.01 sys=0.00, real=0.00 secs] 
2013-01-11T18:30:16.202+0900: 284.698: [GC 284.698: [ParNew: 330914K->1928K(368640K), 0.0009570 secs] 331159K->2172K(1187840K), 0.0010050 secs] [Times: user=0.00 sys=0.00, real=0.00 secs] 
2013-01-11T18:30:16.403+0900: 284.899: [GC 284.899: [ParNew: 329143K->4474K(368640K), 0.0020110 secs] 329388K->4719K(1187840K), 0.0020620 secs] [Times: user=0.00 sys=0.00, real=0.00 secs] 
2013-01-11T18:30:21.659+0900: 290.155: [GC 290.155: [ParNew: 331445K->951K(368640K), 0.0008840 secs] 331690K->1196K(1187840K), 0.0011840 secs] [Times: user=0.01 sys=0.00, real=0.00 secs] 
2013-01-11T18:30:21.851+0900: 290.347: [GC 290.347: [ParNew: 327920K->4149K(368640K), 0.0018110 secs] 328165K->4394K(1187840K), 0.0018770 secs] [Times: user=0.01 sys=0.00, real=0.00 secs] 
2013-01-11T18:30:22.099+0900: 290.595: [GC 290.595: [ParNew: 327460K->5775K(368640K), 0.0023610 secs] 327704K->6020K(1187840K), 0.0024160 secs] [Times: user=0.01 sys=0.00, real=0.00 secs] 
2013-01-11T18:30:27.294+0900: 295.790: [GC 295.790: [ParNew: 330347K->3750K(368640K), 0.0018210 secs] 330592K->3995K(1187840K), 0.0018720 secs] [Times: user=0.00 sys=0.00, real=0.00 secs] 
2013-01-11T18:30:27.533+0900: 296.028: [GC 296.028: [ParNew: 326973K->5498K(368640K), 0.0022440 secs] 327217K->5743K(1187840K), 0.0022800 secs] [Times: user=0.01 sys=0.00, real=0.00 secs] 
2013-01-11T18:30:32.739+0900: 301.235: [GC 301.235: [ParNew: 333178K->3325K(368640K), 0.0014910 secs] 333423K->3570K(1187840K), 0.0018770 secs] [Times: user=0.00 sys=0.00, real=0.01 secs] 
2013-01-11T18:30:32.968+0900: 301.464: [GC 301.464: [ParNew: 328317K->5224K(368640K), 0.0022230 secs] 328562K->5468K(1187840K), 0.0022630 secs] [Times: user=0.01 sys=0.00, real=0.01 secs] 
2013-01-11T18:30:38.186+0900: 306.682: [GC 306.682: [ParNew: 330436K->2850K(368640K), 0.0012420 secs] 330681K->3095K(1187840K), 0.0012870 secs] [Times: user=0.01 sys=0.00, real=0.00 secs] 
2013-01-11T18:30:38.401+0900: 306.897: [GC 306.897: [ParNew: 325771K->4926K(368640K), 0.0020770 secs] 326016K->5171K(1187840K), 0.0021340 secs] [Times: user=0.00 sys=0.00, real=0.00 secs] 
2013-01-11T18:30:43.636+0900: 312.132: [GC 312.133: [ParNew: 330868K->2275K(368640K), 0.0013180 secs] 331113K->2520K(1187840K), 0.0017750 secs] [Times: user=0.00 sys=0.00, real=0.00 secs] 
2013-01-11T18:30:43.842+0900: 312.338: [GC 312.338: [ParNew: 327136K->4624K(368640K), 0.0019810 secs] 327381K->4869K(1187840K), 0.0020200 secs] [Times: user=0.01 sys=0.00, real=0.00 secs] 
2013-01-11T18:30:44.098+0900: 312.594: [GC 312.594: [ParNew: 328371K->6125K(368640K), 0.0024390 secs] 328616K->6370K(1187840K), 0.0024820 secs] [Times: user=0.01 sys=0.00, real=0.00 secs] 
2013-01-11T18:30:49.340+0900: 317.836: [GC 317.836: [ParNew: 333805K->2425K(368640K), 0.0014050 secs] 334050K->2670K(1187840K), 0.0014430 secs] [Times: user=0.01 sys=0.00, real=0.00 secs] 
2013-01-11T18:30:49.548+0900: 318.044: [GC 318.044: [ParNew: 327272K->4699K(368640K), 0.0019670 secs] 327517K->4944K(1187840K), 0.0020220 secs] [Times: user=0.01 sys=0.00, real=0.00 secs] 
2013-01-11T18:30:49.805+0900: 318.301: [GC 318.301: [ParNew: 326887K->6173K(368640K), 0.0030040 secs] 327132K->6418K(1187840K), 0.0030660 secs] [Times: user=0.01 sys=0.01, real=0.00 secs] 
2013-01-11T18:30:55.045+0900: 323.540: [GC 323.541: [ParNew: 333200K->2550K(368640K), 0.0014420 secs] 333445K->2795K(1187840K), 0.0014820 secs] [Times: user=0.00 sys=0.00, real=0.00 secs] 
2013-01-11T18:30:55.256+0900: 323.751: [GC 323.752: [ParNew: 328930K->4774K(368640K), 0.0020090 secs] 329175K->5019K(1187840K), 0.0020660 secs] [Times: user=0.01 sys=0.00, real=0.00 secs] 
2013-01-11T18:30:55.517+0900: 324.013: [GC 324.013: [ParNew: 331332K->6248K(368640K), 0.0029530 secs] 331578K->6493K(1187840K), 0.0030160 secs] [Times: user=0.01 sys=0.00, real=0.00 secs] 
2013-01-11T18:31:00.751+0900: 329.247: [GC 329.247: [ParNew: 332832K->2725K(368640K), 0.0011780 secs] 333077K->2970K(1187840K), 0.0016240 secs] [Times: user=0.01 sys=0.00, real=0.00 secs] 
2013-01-11T18:31:00.967+0900: 329.463: [GC 329.463: [ParNew: 329808K->4876K(368640K), 0.0021070 secs] 330053K->5121K(1187840K), 0.0021430 secs] [Times: user=0.00 sys=0.00, real=0.00 secs] 
2013-01-11T18:31:01.230+0900: 329.726: [GC 329.726: [ParNew: 331060K->6323K(368640K), 0.0025500 secs] 331305K->6568K(1187840K), 0.0026130 secs] [Times: user=0.01 sys=0.00, real=0.00 secs] 
2013-01-11T18:31:06.457+0900: 334.953: [GC 334.953: [ParNew: 333482K->2902K(368640K), 0.0011530 secs] 333727K->3147K(1187840K), 0.0012150 secs] [Times: user=0.00 sys=0.00, real=0.00 secs] 
2013-01-11T18:31:06.677+0900: 335.173: [GC 335.173: [ParNew: 329805K->4976K(368640K), 0.0020730 secs] 330050K->5221K(1187840K), 0.0021270 secs] [Times: user=0.01 sys=0.00, real=0.00 secs] 
2013-01-11T18:31:06.941+0900: 335.437: [GC 335.437: [ParNew: 330609K->6398K(368640K), 0.0027100 secs] 330854K->6643K(1187840K), 0.0027690 secs] [Times: user=0.01 sys=0.00, real=0.01 secs] 
2013-01-11T18:31:12.163+0900: 340.659: [GC 340.659: [ParNew: 332132K->3050K(368640K), 0.0013230 secs] 332377K->3295K(1187840K), 0.0013790 secs] [Times: user=0.00 sys=0.00, real=0.00 secs] 
2013-01-11T18:31:12.385+0900: 340.881: [GC 340.881: [ParNew: 327091K->5049K(368640K), 0.0020620 secs] 327337K->5294K(1187840K), 0.0020890 secs] [Times: user=0.00 sys=0.00, real=0.01 secs] 
2013-01-11T18:31:12.649+0900: 341.145: [GC 341.145: [ParNew: 328563K->6448K(368640K), 0.0026240 secs] 328808K->6693K(1187840K), 0.0026460 secs] [Times: user=0.01 sys=0.00, real=0.00 secs] 
2013-01-11T18:31:17.907+0900: 346.403: [GC 346.403: [ParNew: 331610K->3150K(368640K), 0.0013560 secs] 331855K->3395K(1187840K), 0.0014010 secs] [Times: user=0.00 sys=0.00, real=0.00 secs] 
2013-01-11T18:31:18.144+0900: 346.640: [GC 346.640: [ParNew: 329846K->5124K(368640K), 0.0022260 secs] 330091K->5369K(1187840K), 0.0022800 secs] [Times: user=0.01 sys=0.00, real=0.01 secs] 
2013-01-11T18:31:18.412+0900: 346.908: [GC 346.908: [ParNew: 332783K->6521K(368640K), 0.0026940 secs] 333028K->6766K(1187840K), 0.0027180 secs] [Times: user=0.01 sys=0.00, real=0.00 secs] 
2013-01-11T18:31:23.632+0900: 352.128: [GC 352.128: [ParNew: 334201K->3300K(368640K), 0.0013040 secs] 334446K->3545K(1187840K), 0.0013360 secs] [Times: user=0.01 sys=0.00, real=0.00 secs] 
2013-01-11T18:31:23.859+0900: 352.355: [GC 352.355: [ParNew: 326418K->5199K(368640K), 0.0023340 secs] 326663K->5444K(1187840K), 0.0023820 secs] [Times: user=0.00 sys=0.00, real=0.00 secs] 
2013-01-11T18:31:24.128+0900: 352.624: [GC 352.624: [ParNew: 330769K->6571K(368640K), 0.0029110 secs] 331014K->6816K(1187840K), 0.0029610 secs] [Times: user=0.00 sys=0.00, real=0.00 secs] 
2013-01-11T18:31:29.337+0900: 357.833: [GC 357.833: [ParNew: 331805K->3375K(368640K), 0.0014580 secs] 332050K->3620K(1187840K), 0.0015100 secs] [Times: user=0.01 sys=0.00, real=0.01 secs] 
2013-01-11T18:31:29.567+0900: 358.063: [GC 358.063: [ParNew: 326920K->5247K(368640K), 0.0020840 secs] 327166K->5492K(1187840K), 0.0021220 secs] [Times: user=0.01 sys=0.00, real=0.01 secs] 
2013-01-11T18:31:29.832+0900: 358.328: [GC 358.328: [ParNew: 327023K->6598K(368640K), 0.0026780 secs] 327268K->6843K(1187840K), 0.0027370 secs] [Times: user=0.01 sys=0.00, real=0.00 secs] 
2013-01-11T18:31:35.040+0900: 363.536: [GC 363.536: [ParNew: 331984K->3425K(368640K), 0.0013070 secs] 332229K->3670K(1187840K), 0.0013360 secs] [Times: user=0.00 sys=0.00, real=0.00 secs] 
2013-01-11T18:31:35.274+0900: 363.770: [GC 363.770: [ParNew: 330536K->5299K(368640K), 0.0021650 secs] 330781K->5544K(1187840K), 0.0021870 secs] [Times: user=0.00 sys=0.00, real=0.00 secs] 
2013-01-11T18:31:35.543+0900: 364.039: [GC 364.039: [ParNew: 329716K->6648K(368640K), 0.0026270 secs] 329962K->6893K(1187840K), 0.0026740 secs] [Times: user=0.01 sys=0.00, real=0.00 secs] 
2013-01-11T18:31:40.752+0900: 369.248: [GC 369.248: [ParNew: 332540K->3525K(368640K), 0.0014230 secs] 332785K->3770K(1187840K), 0.0014510 secs] [Times: user=0.00 sys=0.00, real=0.00 secs] 
2013-01-11T18:31:40.986+0900: 369.482: [GC 369.482: [ParNew: 327307K->5351K(368640K), 0.0047890 secs] 327553K->5596K(1187840K), 0.0048350 secs] [Times: user=0.02 sys=0.00, real=0.01 secs] 
2013-01-11T18:31:41.261+0900: 369.757: [GC 369.757: [ParNew: 332469K->6698K(368640K), 0.0026880 secs] 332715K->6943K(1187840K), 0.0027210 secs] [Times: user=0.01 sys=0.00, real=0.00 secs] 
2013-01-11T18:31:41.544+0900: 370.040: [GC 370.040: [ParNew: 334071K->7821K(368640K), 0.0029060 secs] 334316K->8066K(1187840K), 0.0029530 secs] [Times: user=0.01 sys=0.00, real=0.00 secs] 
2013-01-11T18:31:46.738+0900: 375.234: [GC 375.234: [ParNew: 333476K->3874K(368640K), 0.0016580 secs] 333722K->4120K(1187840K), 0.0017110 secs] [Times: user=0.01 sys=0.00, real=0.01 secs] 
2013-01-11T18:31:46.982+0900: 375.478: [GC 375.478: [ParNew: 330129K->5598K(368640K), 0.0023300 secs] 330375K->5845K(1187840K), 0.0023860 secs] [Times: user=0.01 sys=0.00, real=0.00 secs] 
2013-01-11T18:31:47.255+0900: 375.751: [GC 375.751: [ParNew: 332248K->6898K(368640K), 0.0028160 secs] 332494K->7144K(1187840K), 0.0028740 secs] [Times: user=0.01 sys=0.00, real=0.00 secs] 
2013-01-11T18:31:52.535+0900: 381.031: [GC 381.031: [ParNew: 334578K->1253K(368640K), 0.0007570 secs] 334824K->1499K(1187840K), 0.0008070 secs] [Times: user=0.00 sys=0.00, real=0.00 secs] 
2013-01-11T18:31:52.725+0900: 381.221: [GC 381.221: [ParNew: 327700K->4224K(368640K), 0.0018190 secs] 327946K->4470K(1187840K), 0.0018710 secs] [Times: user=0.01 sys=0.00, real=0.00 secs] 
2013-01-11T18:31:52.972+0900: 381.468: [GC 381.468: [ParNew: 326656K->5825K(368640K), 0.0024450 secs] 326902K->6072K(1187840K), 0.0024810 secs] [Times: user=0.01 sys=0.00, real=0.00 secs] 
2013-01-11T18:31:53.246+0900: 381.742: [GC 381.742: [ParNew: 328368K->7073K(368640K), 0.0028490 secs] 328614K->7319K(1187840K), 0.0029080 secs] [Times: user=0.01 sys=0.00, real=0.00 secs] 
2013-01-11T18:31:58.508+0900: 387.004: [GC 387.005: [ParNew: 334509K->2000K(368640K), 0.0010140 secs] 334755K->2247K(1187840K), 0.0010610 secs] [Times: user=0.01 sys=0.00, real=0.00 secs] 
2013-01-11T18:31:58.709+0900: 387.205: [GC 387.205: [ParNew: 327829K->4499K(368640K), 0.0018950 secs] 328077K->4746K(1187840K), 0.0019660 secs] [Times: user=0.01 sys=0.00, real=0.00 secs] 
2013-01-11T18:31:58.961+0900: 387.457: [GC 387.457: [ParNew: 326719K->6023K(368640K), 0.0024810 secs] 326966K->6270K(1187840K), 0.0025400 secs] [Times: user=0.01 sys=0.00, real=0.01 secs] 
2013-01-11T18:31:59.239+0900: 387.735: [GC 387.735: [ParNew: 331489K->7248K(368640K), 0.0028930 secs] 331737K->7495K(1187840K), 0.0029200 secs] [Times: user=0.02 sys=0.00, real=0.00 secs] 
2013-01-11T18:32:04.484+0900: 392.980: [GC 392.980: [ParNew: 333048K->2525K(368640K), 0.0010440 secs] 333296K->2773K(1187840K), 0.0010790 secs] [Times: user=0.00 sys=0.00, real=0.00 secs] 
2013-01-11T18:32:04.692+0900: 393.188: [GC 393.188: [ParNew: 326741K->4749K(368640K), 0.0020760 secs] 326989K->4997K(1187840K), 0.0021250 secs] [Times: user=0.01 sys=0.00, real=0.01 secs] 
2013-01-11T18:32:04.952+0900: 393.448: [GC 393.448: [ParNew: 329838K->6225K(368640K), 0.0026020 secs] 330086K->6473K(1187840K), 0.0026540 secs] [Times: user=0.01 sys=0.00, real=0.01 secs] 
2013-01-11T18:32:05.226+0900: 393.722: [GC 393.722: [ParNew: 326764K->7398K(368640K), 0.0029680 secs] 327012K->7646K(1187840K), 0.0029950 secs] [Times: user=0.02 sys=0.00, real=0.00 secs] 
2013-01-11T18:32:10.455+0900: 398.951: [GC 398.951: [ParNew: 333962K->2951K(368640K), 0.0011920 secs] 334211K->3201K(1187840K), 0.0012270 secs] [Times: user=0.01 sys=0.00, real=0.00 secs] 
2013-01-11T18:32:10.675+0900: 399.171: [GC 399.171: [ParNew: 328985K->4999K(368640K), 0.0021220 secs] 329234K->5248K(1187840K), 0.0021700 secs] [Times: user=0.01 sys=0.00, real=0.00 secs] 
2013-01-11T18:32:10.942+0900: 399.438: [GC 399.438: [ParNew: 332058K->6423K(368640K), 0.0025890 secs] 332307K->6672K(1187840K), 0.0026420 secs] [Times: user=0.01 sys=0.00, real=0.01 secs] 
2013-01-11T18:32:11.221+0900: 399.717: [GC 399.717: [ParNew: 328834K->7573K(368640K), 0.0029770 secs] 329083K->7822K(1187840K), 0.0030390 secs] [Times: user=0.01 sys=0.00, real=0.01 secs] 
2013-01-11T18:32:16.436+0900: 404.932: [GC 404.932: [ParNew: 335023K->3351K(368640K), 0.0014120 secs] 335273K->3601K(1187840K), 0.0014800 secs] [Times: user=0.00 sys=0.00, real=0.00 secs] 
2013-01-11T18:32:16.668+0900: 405.164: [GC 405.164: [ParNew: 330195K->5249K(368640K), 0.0021570 secs] 330446K->5499K(1187840K), 0.0022310 secs] [Times: user=0.01 sys=0.00, real=0.00 secs] 
2013-01-11T18:32:16.931+0900: 405.427: [GC 405.427: [ParNew: 327041K->6600K(368640K), 0.0025760 secs] 327291K->6850K(1187840K), 0.0026400 secs] [Times: user=0.01 sys=0.00, real=0.00 secs] 
2013-01-11T18:32:17.211+0900: 405.707: [GC 405.707: [ParNew: 329507K->7725K(368640K), 0.0029670 secs] 329757K->7975K(1187840K), 0.0030260 secs] [Times: user=0.01 sys=0.00, real=0.00 secs] 
2013-01-11T18:32:22.415+0900: 410.911: [GC 410.911: [ParNew: 334541K->3674K(368640K), 0.0015050 secs] 334791K->3925K(1187840K), 0.0015350 secs] [Times: user=0.01 sys=0.00, real=0.01 secs] 
2013-01-11T18:32:22.652+0900: 411.148: [GC 411.148: [ParNew: 327244K->5448K(368640K), 0.0021770 secs] 327495K->5699K(1187840K), 0.0022240 secs] [Times: user=0.01 sys=0.00, real=0.00 secs] 
2013-01-11T18:32:22.923+0900: 411.419: [GC 411.419: [ParNew: 331212K->6773K(368640K), 0.0025870 secs] 331463K->7024K(1187840K), 0.0026490 secs] [Times: user=0.01 sys=0.00, real=0.00 secs] 
2013-01-11T18:32:23.201+0900: 411.697: [GC 411.697: [ParNew: 329686K->7838K(368640K), 0.0030790 secs] 329937K->8089K(1187840K), 0.0031010 secs] [Times: user=0.02 sys=0.00, real=0.00 secs] 
2013-01-11T18:32:28.392+0900: 416.888: [GC 416.888: [ParNew: 333357K->3974K(368640K), 0.0016650 secs] 333608K->4226K(1187840K), 0.0016970 secs] [Times: user=0.01 sys=0.00, real=0.00 secs] 
2013-01-11T18:32:28.639+0900: 417.135: [GC 417.135: [ParNew: 331503K->5671K(368640K), 0.0024110 secs] 331755K->5923K(1187840K), 0.0024710 secs] [Times: user=0.01 sys=0.00, real=0.00 secs] 
2013-01-11T18:32:28.910+0900: 417.406: [GC 417.406: [ParNew: 329322K->6948K(368640K), 0.0027780 secs] 329574K->7200K(1187840K), 0.0028310 secs] [Times: user=0.01 sys=0.00, real=0.00 secs] 
2013-01-11T18:32:34.186+0900: 422.682: [GC 422.682: [ParNew: 334531K->1503K(368640K), 0.0010760 secs] 334783K->1755K(1187840K), 0.0011460 secs] [Times: user=0.01 sys=0.00, real=0.01 secs] 
2013-01-11T18:32:34.380+0900: 422.876: [GC 422.876: [ParNew: 326926K->4299K(368640K), 0.0018850 secs] 327178K->4551K(1187840K), 0.0019350 secs] [Times: user=0.01 sys=0.00, real=0.00 secs] 
2013-01-11T18:32:34.634+0900: 423.130: [GC 423.130: [ParNew: 331530K->5898K(368640K), 0.0024040 secs] 331782K->6150K(1187840K), 0.0024560 secs] [Times: user=0.01 sys=0.00, real=0.00 secs] 
2013-01-11T18:32:34.912+0900: 423.408: [GC 423.408: [ParNew: 332189K->7148K(368640K), 0.0029010 secs] 332441K->7400K(1187840K), 0.0029280 secs] [Times: user=0.01 sys=0.00, real=0.00 secs] 
2013-01-11T18:32:40.166+0900: 428.662: [GC 428.662: [ParNew: 334059K->2250K(368640K), 0.0010170 secs] 334311K->2503K(1187840K), 0.0010530 secs] [Times: user=0.00 sys=0.00, real=0.00 secs] 
2013-01-11T18:32:40.372+0900: 428.868: [GC 428.868: [ParNew: 329352K->4622K(368640K), 0.0020530 secs] 329605K->4875K(1187840K), 0.0021020 secs] [Times: user=0.01 sys=0.00, real=0.00 secs] 
2013-01-11T18:32:40.629+0900: 429.125: [GC 429.125: [ParNew: 328340K->6123K(368640K), 0.0025020 secs] 328593K->6376K(1187840K), 0.0025530 secs] [Times: user=0.01 sys=0.00, real=0.00 secs] 
2013-01-11T18:32:40.906+0900: 429.402: [GC 429.402: [ParNew: 329181K->7321K(368640K), 0.0029370 secs] 329434K->7574K(1187840K), 0.0029650 secs] [Times: user=0.01 sys=0.00, real=0.01 secs] 
2013-01-11T18:32:41.184+0900: 429.680: [GC 429.680: [ParNew: 328443K->8329K(368640K), 0.0035450 secs] 328696K->8604K(1187840K), 0.0035710 secs] [Times: user=0.02 sys=0.00, real=0.00 secs] 
2013-01-11T18:32:46.425+0900: 434.921: [GC 434.921: [ParNew: 335454K->11491K(368640K), 0.0056890 secs] 335729K->11765K(1187840K), 0.0057490 secs] [Times: user=0.02 sys=0.01, real=0.01 secs] 
2013-01-11T18:32:46.643+0900: 435.139: [GC 435.139: [ParNew: 336445K->13640K(368640K), 0.0069160 secs] 336719K->13914K(1187840K), 0.0069790 secs] [Times: user=0.02 sys=0.00, real=0.01 secs] 
2013-01-11T18:32:46.910+0900: 435.406: [GC 435.406: [ParNew: 338376K->15089K(368640K), 0.0068820 secs] 338650K->15364K(1187840K), 0.0069430 secs] [Times: user=0.02 sys=0.00, real=0.00 secs] 
2013-01-11T18:32:47.193+0900: 435.689: [GC 435.689: [ParNew: 339150K->16262K(368640K), 0.0069230 secs] 339424K->16536K(1187840K), 0.0069900 secs] [Times: user=0.02 sys=0.00, real=0.01 secs] 
2013-01-11T18:32:47.485+0900: 435.981: [GC 435.981: [ParNew: 343325K->8479K(368640K), 0.0083290 secs] 343600K->17564K(1187840K), 0.0083860 secs] [Times: user=0.03 sys=0.00, real=0.01 secs] 
2013-01-11T18:32:52.714+0900: 441.210: [GC 441.210: [ParNew: 333115K->11913K(368640K), 0.0046970 secs] 342200K->20999K(1187840K), 0.0047570 secs] [Times: user=0.02 sys=0.00, real=0.00 secs] 
2013-01-11T18:32:52.940+0900: 441.436: [GC 441.436: [ParNew: 336664K->13888K(368640K), 0.0049360 secs] 345749K->22973K(1187840K), 0.0049930 secs] [Times: user=0.02 sys=0.00, real=0.00 secs] 
2013-01-11T18:32:53.209+0900: 441.705: [GC 441.705: [ParNew: 340150K->15289K(368640K), 0.0057580 secs] 349236K->24374K(1187840K), 0.0058180 secs] [Times: user=0.02 sys=0.00, real=0.01 secs] 
2013-01-11T18:32:53.494+0900: 441.990: [GC 441.990: [ParNew: 341117K->16437K(368640K), 0.0071060 secs] 350202K->25522K(1187840K), 0.0071660 secs] [Times: user=0.03 sys=0.00, real=0.01 secs] 
2013-01-11T18:32:53.781+0900: 442.277: [GC 442.277: [ParNew: 342230K->8627K(368640K), 0.0081120 secs] 351315K->26523K(1187840K), 0.0081750 secs] [Times: user=0.03 sys=0.00, real=0.00 secs] 
2013-01-11T18:32:58.996+0900: 447.492: [GC 447.492: [ParNew: 334393K->12290K(368640K), 0.0043810 secs] 352289K->30186K(1187840K), 0.0044370 secs] [Times: user=0.02 sys=0.00, real=0.00 secs] 
2013-01-11T18:32:59.235+0900: 447.731: [GC 447.731: [ParNew: 339548K->14138K(368640K), 0.0052250 secs] 357444K->32034K(1187840K), 0.0052820 secs] [Times: user=0.02 sys=0.00, real=0.00 secs] 
2013-01-11T18:32:59.509+0900: 448.005: [GC 448.005: [ParNew: 341253K->15487K(368640K), 0.0058040 secs] 359149K->33383K(1187840K), 0.0058550 secs] [Times: user=0.02 sys=0.00, real=0.01 secs] 
2013-01-11T18:32:59.796+0900: 448.292: [GC 448.292: [ParNew: 342858K->16612K(368640K), 0.0068880 secs] 360754K->34508K(1187840K), 0.0069200 secs] [Times: user=0.02 sys=0.00, real=0.01 secs] 
2013-01-11T18:33:00.082+0900: 448.578: [GC 448.578: [ParNew: 340583K->8779K(368640K), 0.0084490 secs] 358479K->35486K(1187840K), 0.0084990 secs] [Times: user=0.03 sys=0.00, real=0.00 secs] 
2013-01-11T18:33:05.285+0900: 453.781: [GC 453.781: [ParNew: 333172K->12640K(368640K), 0.0044950 secs] 359879K->39347K(1187840K), 0.0045470 secs] [Times: user=0.02 sys=0.00, real=0.00 secs] 
2013-01-11T18:33:05.531+0900: 454.027: [GC 454.027: [ParNew: 337173K->14362K(368640K), 0.0052060 secs] 363879K->41069K(1187840K), 0.0052560 secs] [Times: user=0.02 sys=0.00, real=0.01 secs] 
2013-01-11T18:33:05.806+0900: 454.301: [GC 454.301: [ParNew: 339715K->15662K(368640K), 0.0056960 secs] 366422K->42369K(1187840K), 0.0057460 secs] [Times: user=0.02 sys=0.00, real=0.00 secs] 
2013-01-11T18:33:06.094+0900: 454.590: [GC 454.590: [ParNew: 342808K->16762K(368640K), 0.0069750 secs] 369515K->43468K(1187840K), 0.0070300 secs] [Times: user=0.02 sys=0.00, real=0.00 secs] 
2013-01-11T18:33:11.380+0900: 459.876: [GC 459.876: [ParNew: 343801K->1100K(368640K), 0.0057810 secs] 370507K->36597K(1187840K), 0.0058330 secs] [Times: user=0.02 sys=0.01, real=0.01 secs] 
2013-01-11T18:33:11.575+0900: 460.071: [GC 460.071: [ParNew: 326035K->4174K(368640K), 0.0018220 secs] 361532K->39671K(1187840K), 0.0018450 secs] [Times: user=0.01 sys=0.00, real=0.00 secs] 
2013-01-11T18:33:11.824+0900: 460.320: [GC 460.320: [ParNew: 329039K->5798K(368640K), 0.0023480 secs] 364536K->41295K(1187840K), 0.0023980 secs] [Times: user=0.01 sys=0.00, real=0.00 secs] 
2013-01-11T18:33:12.095+0900: 460.591: [GC 460.591: [ParNew: 327055K->7050K(368640K), 0.0030060 secs] 362552K->42547K(1187840K), 0.0030300 secs] [Times: user=0.01 sys=0.00, real=0.00 secs] 
2013-01-11T18:33:12.379+0900: 460.875: [GC 460.875: [ParNew: 332945K->8104K(368640K), 0.0031460 secs] 368442K->43623K(1187840K), 0.0031960 secs] [Times: user=0.02 sys=0.00, real=0.00 secs] 
2013-01-11T18:33:17.647+0900: 466.143: [GC 466.143: [ParNew: 335731K->10691K(368640K), 0.0039880 secs] 371250K->46209K(1187840K), 0.0040410 secs] [Times: user=0.02 sys=0.00, real=0.00 secs] 
2013-01-11T18:33:17.849+0900: 466.345: [GC 466.345: [ParNew: 335419K->13238K(368640K), 0.0047640 secs] 370938K->48756K(1187840K), 0.0048190 secs] [Times: user=0.02 sys=0.00, real=0.00 secs] 
2013-01-11T18:33:18.107+0900: 466.603: [GC 466.603: [ParNew: 338333K->14789K(368640K), 0.0055440 secs] 373852K->50308K(1187840K), 0.0056010 secs] [Times: user=0.02 sys=0.00, real=0.00 secs] 
2013-01-11T18:33:18.387+0900: 466.883: [GC 466.883: [ParNew: 339031K->16014K(368640K), 0.0057420 secs] 374550K->51532K(1187840K), 0.0058110 secs] [Times: user=0.02 sys=0.00, real=0.00 secs] 
2013-01-11T18:33:18.675+0900: 467.171: [GC 467.171: [ParNew: 341032K->8252K(368640K), 0.0081020 secs] 376551K->52582K(1187840K), 0.0081810 secs] [Times: user=0.03 sys=0.00, real=0.00 secs] 
2013-01-11T18:33:23.929+0900: 472.424: [GC 472.425: [ParNew: 335017K->11241K(368640K), 0.0046650 secs] 379347K->55570K(1187840K), 0.0047260 secs] [Times: user=0.02 sys=0.00, real=0.00 secs] 
2013-01-11T18:33:24.141+0900: 472.637: [GC 472.637: [ParNew: 338295K->13515K(368640K), 0.0050120 secs] 382624K->57844K(1187840K), 0.0050800 secs] [Times: user=0.02 sys=0.00, real=0.01 secs] 
2013-01-11T18:33:24.403+0900: 472.899: [GC 472.899: [ParNew: 337176K->14989K(368640K), 0.0055200 secs] 381505K->59319K(1187840K), 0.0055810 secs] [Times: user=0.02 sys=0.00, real=0.01 secs] 
2013-01-11T18:33:24.684+0900: 473.180: [GC 473.180: [ParNew: 341732K->16189K(368640K), 0.0059410 secs] 386061K->60518K(1187840K), 0.0060020 secs] [Times: user=0.02 sys=0.00, real=0.01 secs] 
2013-01-11T18:33:24.973+0900: 473.469: [GC 473.469: [ParNew: 340200K->8402K(368640K), 0.0085660 secs] 384530K->61542K(1187840K), 0.0086240 secs] [Times: user=0.03 sys=0.00, real=0.01 secs] 
2013-01-11T18:33:30.209+0900: 478.705: [GC 478.705: [ParNew: 334630K->11714K(368640K), 0.0049220 secs] 387770K->64854K(1187840K), 0.0049830 secs] [Times: user=0.02 sys=0.00, real=0.00 secs] 
2013-01-11T18:33:30.430+0900: 478.926: [GC 478.926: [ParNew: 335751K->13763K(368640K), 0.0052630 secs] 388891K->66903K(1187840K), 0.0053180 secs] [Times: user=0.02 sys=0.00, real=0.00 secs] 
2013-01-11T18:33:30.696+0900: 479.192: [GC 479.192: [ParNew: 339401K->15187K(368640K), 0.0057150 secs] 392541K->68327K(1187840K), 0.0057710 secs] [Times: user=0.03 sys=0.00, real=0.00 secs] 
2013-01-11T18:33:30.977+0900: 479.473: [GC 479.473: [ParNew: 336450K->16339K(368640K), 0.0070730 secs] 389590K->69479K(1187840K), 0.0071340 secs] [Times: user=0.02 sys=0.00, real=0.00 secs] 
2013-01-11T18:33:31.263+0900: 479.759: [GC 479.759: [ParNew: 337981K->8527K(368640K), 0.0083840 secs] 391121K->70478K(1187840K), 0.0084380 secs] [Times: user=0.03 sys=0.01, real=0.01 secs] 
2013-01-11T18:33:36.519+0900: 485.015: [GC 485.015: [ParNew: 336207K->12065K(368640K), 0.0053430 secs] 398158K->74016K(1187840K), 0.0054060 secs] [Times: user=0.02 sys=0.00, real=0.00 secs] 
2013-01-11T18:33:36.752+0900: 485.248: [GC 485.248: [ParNew: 338236K->13988K(368640K), 0.0057580 secs] 400187K->75938K(1187840K), 0.0057910 secs] [Times: user=0.01 sys=0.00, real=0.01 secs] 
2013-01-11T18:33:37.023+0900: 485.519: [GC 485.519: [ParNew: 339410K->15360K(368640K), 0.0059070 secs] 401361K->77311K(1187840K), 0.0059680 secs] [Times: user=0.02 sys=0.00, real=0.01 secs] 
2013-01-11T18:33:37.302+0900: 485.798: [GC 485.798: [ParNew: 337071K->16487K(368640K), 0.0071040 secs] 399022K->78437K(1187840K), 0.0071750 secs] [Times: user=0.03 sys=0.00, real=0.01 secs] 
2013-01-11T18:33:37.594+0900: 486.090: [GC 486.090: [ParNew: 344142K->8677K(368640K), 0.0084900 secs] 406092K->79439K(1187840K), 0.0085440 secs] [Times: user=0.03 sys=0.00, real=0.01 secs] 
2013-01-11T18:33:42.806+0900: 491.302: [GC 491.302: [ParNew: 334731K->12415K(368640K), 0.0050560 secs] 405492K->83177K(1187840K), 0.0051110 secs] [Times: user=0.02 sys=0.00, real=0.01 secs] 
2013-01-11T18:33:43.046+0900: 491.542: [GC 491.542: [ParNew: 337890K->14215K(368640K), 0.0052180 secs] 408652K->84976K(1187840K), 0.0052670 secs] [Times: user=0.02 sys=0.00, real=0.01 secs] 
2013-01-11T18:33:43.318+0900: 491.814: [GC 491.814: [ParNew: 338654K->15537K(368640K), 0.0057880 secs] 409415K->86299K(1187840K), 0.0058370 secs] [Times: user=0.03 sys=0.00, real=0.01 secs] 
2013-01-11T18:33:43.598+0900: 492.094: [GC 492.094: [ParNew: 337351K->16639K(368640K), 0.0071280 secs] 408112K->87400K(1187840K), 0.0071870 secs] [Times: user=0.03 sys=0.00, real=0.01 secs] 
2013-01-11T18:33:43.885+0900: 492.381: [GC 492.381: [ParNew: 341813K->8802K(368640K), 0.0091560 secs] 412575K->88374K(1187840K), 0.0091810 secs] [Times: user=0.03 sys=0.00, real=0.01 secs] 
2013-01-11T18:33:44.173+0900: 492.669: [GC 492.669: [ParNew: 332629K->9675K(368640K), 0.0037090 secs] 412202K->89247K(1187840K), 0.0037560 secs] [Times: user=0.02 sys=0.00, real=0.00 secs] 
2013-01-11T18:33:49.380+0900: 497.876: [GC 497.876: [ParNew: 336255K->13415K(368640K), 0.0053000 secs] 415827K->92987K(1187840K), 0.0053540 secs] [Times: user=0.02 sys=0.00, real=0.00 secs] 
2013-01-11T18:33:49.622+0900: 498.118: [GC 498.118: [ParNew: 340610K->15216K(368640K), 0.0058090 secs] 420182K->94788K(1187840K), 0.0058680 secs] [Times: user=0.02 sys=0.00, real=0.00 secs] 
2013-01-11T18:33:49.895+0900: 498.391: [GC 498.391: [ParNew: 340977K->16539K(368640K), 0.0071050 secs] 420549K->96111K(1187840K), 0.0071640 secs] [Times: user=0.02 sys=0.00, real=0.01 secs] 
2013-01-11T18:33:50.178+0900: 498.674: [GC 498.674: [ParNew: 339450K->17638K(368640K), 0.0071280 secs] 419022K->97210K(1187840K), 0.0071990 secs] [Times: user=0.03 sys=0.00, real=0.01 secs] 
2013-01-11T18:33:50.465+0900: 498.961: [GC 498.961: [ParNew: 343736K->8829K(368640K), 0.0089930 secs] 423308K->98189K(1187840K), 0.0090480 secs] [Times: user=0.03 sys=0.00, real=0.01 secs] 
2013-01-11T18:33:50.757+0900: 499.253: [GC 499.253: [ParNew: 333480K->9702K(368640K), 0.0037640 secs] 422840K->99061K(1187840K), 0.0038170 secs] [Times: user=0.01 sys=0.00, real=0.01 secs] 
2013-01-11T18:33:55.962+0900: 504.457: [GC 504.458: [ParNew: 333857K->13467K(368640K), 0.0051180 secs] 423217K->102826K(1187840K), 0.0051630 secs] [Times: user=0.02 sys=0.00, real=0.00 secs] 
2013-01-11T18:33:56.205+0900: 504.701: [GC 504.701: [ParNew: 338724K->15241K(368640K), 0.0056010 secs] 428084K->104601K(1187840K), 0.0056500 secs] [Times: user=0.02 sys=0.00, real=0.01 secs] 
2013-01-11T18:33:56.482+0900: 504.978: [GC 504.978: [ParNew: 342255K->16566K(368640K), 0.0071500 secs] 431614K->105925K(1187840K), 0.0072120 secs] [Times: user=0.02 sys=0.00, real=0.00 secs] 
2013-01-11T18:33:56.768+0900: 505.264: [GC 505.264: [ParNew: 340520K->17665K(368640K), 0.0072560 secs] 429880K->107025K(1187840K), 0.0073230 secs] [Times: user=0.02 sys=0.00, real=0.01 secs] 
2013-01-11T18:33:57.060+0900: 505.556: [GC 505.556: [ParNew: 344491K->8852K(368640K), 0.0094270 secs] 433851K->107999K(1187840K), 0.0094830 secs] [Times: user=0.03 sys=0.00, real=0.00 secs] 
2013-01-11T18:33:57.351+0900: 505.847: [GC 505.847: [ParNew: 334970K->9727K(368640K), 0.0038650 secs] 434117K->108874K(1187840K), 0.0039140 secs] [Times: user=0.01 sys=0.00, real=0.00 secs] 
2013-01-11T18:34:02.555+0900: 511.051: [GC 511.051: [ParNew: 335232K->13542K(368640K), 0.0051310 secs] 434379K->112689K(1187840K), 0.0051780 secs] [Times: user=0.02 sys=0.00, real=0.00 secs] 
2013-01-11T18:34:02.799+0900: 511.295: [GC 511.295: [ParNew: 338484K->15291K(368640K), 0.0054130 secs] 437631K->114438K(1187840K), 0.0054660 secs] [Times: user=0.02 sys=0.00, real=0.01 secs] 
2013-01-11T18:34:03.070+0900: 511.566: [GC 511.566: [ParNew: 338150K->16589K(368640K), 0.0061140 secs] 437297K->115736K(1187840K), 0.0061630 secs] [Times: user=0.02 sys=0.00, real=0.01 secs] 
2013-01-11T18:34:03.356+0900: 511.852: [GC 511.852: [ParNew: 341606K->17690K(368640K), 0.0072010 secs] 440753K->116837K(1187840K), 0.0072710 secs] [Times: user=0.02 sys=0.00, real=0.01 secs] 
2013-01-11T18:34:03.641+0900: 512.137: [GC 512.137: [ParNew: 336645K->8850K(368640K), 0.0092930 secs] 435792K->117784K(1187840K), 0.0093640 secs] [Times: user=0.03 sys=0.00, real=0.00 secs] 
2013-01-11T18:34:03.932+0900: 512.428: [GC 512.428: [ParNew: 334769K->9727K(368640K), 0.0039010 secs] 443704K->118661K(1187840K), 0.0039510 secs] [Times: user=0.02 sys=0.00, real=0.00 secs] 
2013-01-11T18:34:09.133+0900: 517.629: [GC 517.629: [ParNew: 335227K->13542K(368640K), 0.0053590 secs] 444161K->122476K(1187840K), 0.0054230 secs] [Times: user=0.02 sys=0.00, real=0.00 secs] 
2013-01-11T18:34:09.376+0900: 517.872: [GC 517.872: [ParNew: 338484K->15291K(368640K), 0.0057330 secs] 447419K->124225K(1187840K), 0.0057960 secs] [Times: user=0.02 sys=0.00, real=0.01 secs] 
2013-01-11T18:34:09.648+0900: 518.144: [GC 518.144: [ParNew: 338150K->16591K(368640K), 0.0062020 secs] 447084K->125525K(1187840K), 0.0062610 secs] [Times: user=0.03 sys=0.00, real=0.01 secs] 
2013-01-11T18:34:09.933+0900: 518.429: [GC 518.429: [ParNew: 341608K->17688K(368640K), 0.0073420 secs] 450542K->126622K(1187840K), 0.0074020 secs] [Times: user=0.03 sys=0.00, real=0.00 secs] 
2013-01-11T18:34:10.219+0900: 518.715: [GC 518.715: [ParNew: 336643K->8852K(368640K), 0.0094710 secs] 445577K->127574K(1187840K), 0.0095060 secs] [Times: user=0.03 sys=0.00, real=0.01 secs] 
2013-01-11T18:34:10.509+0900: 519.005: [GC 519.005: [ParNew: 334771K->9727K(368640K), 0.0038800 secs] 453493K->128448K(1187840K), 0.0039160 secs] [Times: user=0.02 sys=0.00, real=0.01 secs] 
2013-01-11T18:34:15.711+0900: 524.207: [GC 524.207: [ParNew: 335227K->13540K(368640K), 0.0052780 secs] 453949K->132261K(1187840K), 0.0053480 secs] [Times: user=0.02 sys=0.01, real=0.01 secs] 
2013-01-11T18:34:15.955+0900: 524.451: [GC 524.451: [ParNew: 338482K->15289K(368640K), 0.0058590 secs] 457204K->134011K(1187840K), 0.0059170 secs] [Times: user=0.02 sys=0.00, real=0.00 secs] 
2013-01-11T18:34:16.226+0900: 524.722: [GC 524.722: [ParNew: 338148K->16591K(368640K), 0.0072740 secs] 456870K->135312K(1187840K), 0.0073370 secs] [Times: user=0.02 sys=0.00, real=0.01 secs] 
2013-01-11T18:34:16.514+0900: 525.010: [GC 525.010: [ParNew: 341608K->17690K(368640K), 0.0073110 secs] 460329K->136412K(1187840K), 0.0073940 secs] [Times: user=0.03 sys=0.00, real=0.00 secs] 
2013-01-11T18:34:16.800+0900: 525.296: [GC 525.296: [ParNew: 336645K->8852K(368640K), 0.0091190 secs] 455366K->137361K(1187840K), 0.0091800 secs] [Times: user=0.03 sys=0.01, real=0.01 secs] 
2013-01-11T18:34:17.090+0900: 525.585: [GC 525.585: [ParNew: 334771K->9727K(368640K), 0.0038870 secs] 463280K->138236K(1187840K), 0.0039340 secs] [Times: user=0.02 sys=0.00, real=0.01 secs] 
2013-01-11T18:34:22.290+0900: 530.786: [GC 530.786: [ParNew: 335227K->13542K(368640K), 0.0053000 secs] 463736K->142051K(1187840K), 0.0053530 secs] [Times: user=0.02 sys=0.00, real=0.01 secs] 
2013-01-11T18:34:22.533+0900: 531.029: [GC 531.029: [ParNew: 338484K->15291K(368640K), 0.0057720 secs] 466993K->143800K(1187840K), 0.0058320 secs] [Times: user=0.02 sys=0.00, real=0.01 secs] 
2013-01-11T18:34:22.805+0900: 531.301: [GC 531.301: [ParNew: 338150K->16591K(368640K), 0.0072930 secs] 466659K->145099K(1187840K), 0.0073580 secs] [Times: user=0.02 sys=0.00, real=0.00 secs] 
2013-01-11T18:34:23.092+0900: 531.588: [GC 531.588: [ParNew: 341608K->17688K(368640K), 0.0072470 secs] 470117K->146197K(1187840K), 0.0073100 secs] [Times: user=0.03 sys=0.00, real=0.01 secs] 
2013-01-11T18:34:23.378+0900: 531.874: [GC 531.874: [ParNew: 336643K->8850K(368640K), 0.0093660 secs] 465152K->147146K(1187840K), 0.0094180 secs] [Times: user=0.03 sys=0.00, real=0.01 secs] 
2013-01-11T18:34:23.667+0900: 532.163: [GC 532.163: [ParNew: 334769K->9729K(368640K), 0.0040000 secs] 473066K->148025K(1187840K), 0.0040500 secs] [Times: user=0.02 sys=0.00, real=0.00 secs] 
2013-01-11T18:34:28.870+0900: 537.366: [GC 537.366: [ParNew: 335229K->13542K(368640K), 0.0052950 secs] 473525K->151838K(1187840K), 0.0053430 secs] [Times: user=0.02 sys=0.00, real=0.01 secs] 
2013-01-11T18:34:29.114+0900: 537.610: [GC 537.610: [ParNew: 338484K->15291K(368640K), 0.0057850 secs] 476781K->153587K(1187840K), 0.0058340 secs] [Times: user=0.02 sys=0.00, real=0.01 secs] 
2013-01-11T18:34:29.386+0900: 537.882: [GC 537.882: [ParNew: 338150K->16589K(368640K), 0.0061110 secs] 476446K->154885K(1187840K), 0.0061600 secs] [Times: user=0.03 sys=0.00, real=0.00 secs] 
2013-01-11T18:34:29.672+0900: 538.168: [GC 538.168: [ParNew: 341606K->17690K(368640K), 0.0073340 secs] 479902K->155986K(1187840K), 0.0073890 secs] [Times: user=0.03 sys=0.00, real=0.01 secs] 
2013-01-11T18:34:29.958+0900: 538.454: [GC 538.454: [ParNew: 336645K->8852K(368640K), 0.0093310 secs] 474941K->156936K(1187840K), 0.0093810 secs] [Times: user=0.03 sys=0.00, real=0.01 secs] 
2013-01-11T18:34:30.249+0900: 538.745: [GC 538.745: [ParNew: 334771K->9727K(368640K), 0.0039180 secs] 482855K->157810K(1187840K), 0.0039680 secs] [Times: user=0.01 sys=0.00, real=0.00 secs] 
2013-01-11T18:34:35.451+0900: 543.947: [GC 543.947: [ParNew: 335227K->13542K(368640K), 0.0052220 secs] 483311K->161625K(1187840K), 0.0052780 secs] [Times: user=0.02 sys=0.00, real=0.01 secs] 
2013-01-11T18:34:35.694+0900: 544.190: [GC 544.190: [ParNew: 338484K->15291K(368640K), 0.0058560 secs] 486568K->163375K(1187840K), 0.0059160 secs] [Times: user=0.03 sys=0.00, real=0.01 secs] 
2013-01-11T18:34:35.967+0900: 544.463: [GC 544.463: [ParNew: 338150K->16591K(368640K), 0.0074820 secs] 486234K->164674K(1187840K), 0.0075490 secs] [Times: user=0.02 sys=0.00, real=0.00 secs] 
2013-01-11T18:34:36.254+0900: 544.750: [GC 544.750: [ParNew: 341608K->17690K(368640K), 0.0073890 secs] 489691K->165774K(1187840K), 0.0074660 secs] [Times: user=0.03 sys=0.00, real=0.01 secs] 
2013-01-11T18:34:36.540+0900: 545.036: [GC 545.036: [ParNew: 336645K->8852K(368640K), 0.0095040 secs] 484728K->166723K(1187840K), 0.0095770 secs] [Times: user=0.03 sys=0.00, real=0.01 secs] 
2013-01-11T18:34:36.831+0900: 545.327: [GC 545.327: [ParNew: 334771K->9729K(368640K), 0.0039860 secs] 492642K->167600K(1187840K), 0.0040220 secs] [Times: user=0.02 sys=0.00, real=0.00 secs] 
2013-01-11T18:34:42.043+0900: 550.539: [GC 550.539: [ParNew: 335229K->13542K(368640K), 0.0057060 secs] 493100K->171413K(1187840K), 0.0057680 secs] [Times: user=0.02 sys=0.00, real=0.01 secs] 
2013-01-11T18:34:42.287+0900: 550.783: [GC 550.783: [ParNew: 338484K->15291K(368640K), 0.0061330 secs] 496355K->173162K(1187840K), 0.0061910 secs] [Times: user=0.03 sys=0.00, real=0.00 secs] 
2013-01-11T18:34:42.559+0900: 551.055: [GC 551.055: [ParNew: 338150K->16591K(368640K), 0.0062230 secs] 496021K->174461K(1187840K), 0.0062830 secs] [Times: user=0.03 sys=0.00, real=0.00 secs] 
2013-01-11T18:34:42.845+0900: 551.341: [GC 551.341: [ParNew: 341608K->17690K(368640K), 0.0073750 secs] 499479K->175561K(1187840K), 0.0074410 secs] [Times: user=0.03 sys=0.00, real=0.01 secs] 
2013-01-11T18:34:43.130+0900: 551.626: [GC 551.626: [ParNew: 336645K->8852K(368640K), 0.0092750 secs] 494516K->176510K(1187840K), 0.0093370 secs] [Times: user=0.03 sys=0.00, real=0.01 secs] 
2013-01-11T18:34:43.420+0900: 551.916: [GC 551.916: [ParNew: 334771K->9727K(368640K), 0.0039800 secs] 502430K->177385K(1187840K), 0.0040150 secs] [Times: user=0.02 sys=0.00, real=0.00 secs] 
Heap
 par new generation   total 368640K, used 55714K [0x00000000aaa00000, 0x00000000c3a00000, 0x00000000c3a00000)
  eden space 327680K,  14% used [0x00000000aaa00000, 0x00000000ad6e8d78, 0x00000000bea00000)
  from space 40960K,  23% used [0x00000000bea00000, 0x00000000bf37fd10, 0x00000000c1200000)
  to   space 40960K,   0% used [0x00000000c1200000, 0x00000000c1200000, 0x00000000c3a00000)
 concurrent mark-sweep generation total 819200K, used 167658K [0x00000000c3a00000, 0x00000000f5a00000, 0x00000000f5a00000)
 concurrent-mark-sweep perm gen total 21248K, used 4869K [0x00000000f5a00000, 0x00000000f6ec0000, 0x0000000100000000)
